// Jest Snapshot v1, https://goo.gl/fbAQLP

exports[`MainScreen Rendering should match to snapshot 1`] = `
<View
  style={
    Array [
      Object {
        "flex": 1,
      },
      false,
    ]
  }
>
  <View
    style={
      Object {
        "alignItems": "flex-end",
        "backgroundColor": "#433437",
        "flex": 1,
        "justifyContent": "flex-end",
        "padding": 15,
      }
    }
  >
    <Text
      style={
        Object {
          "color": "white",
          "fontFamily": "System",
          "fontSize": 60,
        }
      }
    >
      0
    </Text>
  </View>
  <View
    style={
      Object {
        "flex": 1,
        "flexDirection": "row",
      }
    }
  >
    <View
      style={
        Object {
          "flex": 3,
        }
      }
    >
      <View
        style={
          Object {
            "flex": 1,
            "flexDirection": "row",
          }
        }
      >
        <View
          accessible={true}
          focusable={true}
          onClick={[Function]}
          onResponderGrant={[Function]}
          onResponderMove={[Function]}
          onResponderRelease={[Function]}
          onResponderTerminate={[Function]}
          onResponderTerminationRequest={[Function]}
          onStartShouldSetResponder={[Function]}
          style={
            Array [
              Object {
                "flex": 1,
              },
            ]
          }
        >
          <View
            style={
              Array [
                Object {
                  "alignItems": "center",
                  "borderColor": "red",
                  "borderWidth": 1,
                  "flex": 1,
                  "justifyContent": "center",
                },
                undefined,
              ]
            }
          >
            <Text
              style={
                Array [
                  Object {
                    "color": "#000",
                    "fontFamily": "System",
                    "fontSize": 40,
                    "fontWeight": "500",
                  },
                  Object {
                    "color": "rgba(46,46,46,0.65)",
                  },
                ]
              }
            >
              clear
            </Text>
          </View>
        </View>
      </View>
      <View
        style={
          Object {
            "flex": 1,
            "flexDirection": "row",
          }
        }
      >
        <View
          accessible={true}
          focusable={true}
          onClick={[Function]}
          onResponderGrant={[Function]}
          onResponderMove={[Function]}
          onResponderRelease={[Function]}
          onResponderTerminate={[Function]}
          onResponderTerminationRequest={[Function]}
          onStartShouldSetResponder={[Function]}
          style={
            Array [
              Object {
                "flex": 1,
              },
            ]
          }
        >
          <View
            style={
              Array [
                Object {
                  "alignItems": "center",
                  "borderColor": "red",
                  "borderWidth": 1,
                  "flex": 1,
                  "justifyContent": "center",
                },
                undefined,
              ]
            }
          >
            <Text
              style={
                Array [
                  Object {
                    "color": "#000",
                    "fontFamily": "System",
                    "fontSize": 40,
                    "fontWeight": "500",
                  },
                  Object {
                    "color": "black",
                  },
                ]
              }
            >
              7
            </Text>
          </View>
        </View>
        <View
          accessible={true}
          focusable={true}
          onClick={[Function]}
          onResponderGrant={[Function]}
          onResponderMove={[Function]}
          onResponderRelease={[Function]}
          onResponderTerminate={[Function]}
          onResponderTerminationRequest={[Function]}
          onStartShouldSetResponder={[Function]}
          style={
            Array [
              Object {
                "flex": 1,
              },
            ]
          }
        >
          <View
            style={
              Array [
                Object {
                  "alignItems": "center",
                  "borderColor": "red",
                  "borderWidth": 1,
                  "flex": 1,
                  "justifyContent": "center",
                },
                undefined,
              ]
            }
          >
            <Text
              style={
                Array [
                  Object {
                    "color": "#000",
                    "fontFamily": "System",
                    "fontSize": 40,
                    "fontWeight": "500",
                  },
                  Object {
                    "color": "black",
                  },
                ]
              }
            >
              8
            </Text>
          </View>
        </View>
        <View
          accessible={true}
          focusable={true}
          onClick={[Function]}
          onResponderGrant={[Function]}
          onResponderMove={[Function]}
          onResponderRelease={[Function]}
          onResponderTerminate={[Function]}
          onResponderTerminationRequest={[Function]}
          onStartShouldSetResponder={[Function]}
          style={
            Array [
              Object {
                "flex": 1,
              },
            ]
          }
        >
          <View
            style={
              Array [
                Object {
                  "alignItems": "center",
                  "borderColor": "red",
                  "borderWidth": 1,
                  "flex": 1,
                  "justifyContent": "center",
                },
                undefined,
              ]
            }
          >
            <Text
              style={
                Array [
                  Object {
                    "color": "#000",
                    "fontFamily": "System",
                    "fontSize": 40,
                    "fontWeight": "500",
                  },
                  Object {
                    "color": "black",
                  },
                ]
              }
            >
              9
            </Text>
          </View>
        </View>
      </View>
      <View
        style={
          Object {
            "flex": 1,
            "flexDirection": "row",
          }
        }
      >
        <View
          accessible={true}
          focusable={true}
          onClick={[Function]}
          onResponderGrant={[Function]}
          onResponderMove={[Function]}
          onResponderRelease={[Function]}
          onResponderTerminate={[Function]}
          onResponderTerminationRequest={[Function]}
          onStartShouldSetResponder={[Function]}
          style={
            Array [
              Object {
                "flex": 1,
              },
            ]
          }
        >
          <View
            style={
              Array [
                Object {
                  "alignItems": "center",
                  "borderColor": "red",
                  "borderWidth": 1,
                  "flex": 1,
                  "justifyContent": "center",
                },
                undefined,
              ]
            }
          >
            <Text
              style={
                Array [
                  Object {
                    "color": "#000",
                    "fontFamily": "System",
                    "fontSize": 40,
                    "fontWeight": "500",
                  },
                  Object {
                    "color": "black",
                  },
                ]
              }
            >
              4
            </Text>
          </View>
        </View>
        <View
          accessible={true}
          focusable={true}
          onClick={[Function]}
          onResponderGrant={[Function]}
          onResponderMove={[Function]}
          onResponderRelease={[Function]}
          onResponderTerminate={[Function]}
          onResponderTerminationRequest={[Function]}
          onStartShouldSetResponder={[Function]}
          style={
            Array [
              Object {
                "flex": 1,
              },
            ]
          }
        >
          <View
            style={
              Array [
                Object {
                  "alignItems": "center",
                  "borderColor": "red",
                  "borderWidth": 1,
                  "flex": 1,
                  "justifyContent": "center",
                },
                undefined,
              ]
            }
          >
            <Text
              style={
                Array [
                  Object {
                    "color": "#000",
                    "fontFamily": "System",
                    "fontSize": 40,
                    "fontWeight": "500",
                  },
                  Object {
                    "color": "black",
                  },
                ]
              }
            >
              5
            </Text>
          </View>
        </View>
        <View
          accessible={true}
          focusable={true}
          onClick={[Function]}
          onResponderGrant={[Function]}
          onResponderMove={[Function]}
          onResponderRelease={[Function]}
          onResponderTerminate={[Function]}
          onResponderTerminationRequest={[Function]}
          onStartShouldSetResponder={[Function]}
          style={
            Array [
              Object {
                "flex": 1,
              },
            ]
          }
        >
          <View
            style={
              Array [
                Object {
                  "alignItems": "center",
                  "borderColor": "red",
                  "borderWidth": 1,
                  "flex": 1,
                  "justifyContent": "center",
                },
                undefined,
              ]
            }
          >
            <Text
              style={
                Array [
                  Object {
                    "color": "#000",
                    "fontFamily": "System",
                    "fontSize": 40,
                    "fontWeight": "500",
                  },
                  Object {
                    "color": "black",
                  },
                ]
              }
            >
              6
            </Text>
          </View>
        </View>
      </View>
      <View
        style={
          Object {
            "flex": 1,
            "flexDirection": "row",
          }
        }
      >
        <View
          accessible={true}
          focusable={true}
          onClick={[Function]}
          onResponderGrant={[Function]}
          onResponderMove={[Function]}
          onResponderRelease={[Function]}
          onResponderTerminate={[Function]}
          onResponderTerminationRequest={[Function]}
          onStartShouldSetResponder={[Function]}
          style={
            Array [
              Object {
                "flex": 1,
              },
            ]
          }
        >
          <View
            style={
              Array [
                Object {
                  "alignItems": "center",
                  "borderColor": "red",
                  "borderWidth": 1,
                  "flex": 1,
                  "justifyContent": "center",
                },
                undefined,
              ]
            }
          >
            <Text
              style={
                Array [
                  Object {
                    "color": "#000",
                    "fontFamily": "System",
                    "fontSize": 40,
                    "fontWeight": "500",
                  },
                  Object {
                    "color": "black",
                  },
                ]
              }
            >
              1
            </Text>
          </View>
        </View>
        <View
          accessible={true}
          focusable={true}
          onClick={[Function]}
          onResponderGrant={[Function]}
          onResponderMove={[Function]}
          onResponderRelease={[Function]}
          onResponderTerminate={[Function]}
          onResponderTerminationRequest={[Function]}
          onStartShouldSetResponder={[Function]}
          style={
            Array [
              Object {
                "flex": 1,
              },
            ]
          }
        >
          <View
            style={
              Array [
                Object {
                  "alignItems": "center",
                  "borderColor": "red",
                  "borderWidth": 1,
                  "flex": 1,
                  "justifyContent": "center",
                },
                undefined,
              ]
            }
          >
            <Text
              style={
                Array [
                  Object {
                    "color": "#000",
                    "fontFamily": "System",
                    "fontSize": 40,
                    "fontWeight": "500",
                  },
                  Object {
                    "color": "black",
                  },
                ]
              }
            >
              2
            </Text>
          </View>
        </View>
        <View
          accessible={true}
          focusable={true}
          onClick={[Function]}
          onResponderGrant={[Function]}
          onResponderMove={[Function]}
          onResponderRelease={[Function]}
          onResponderTerminate={[Function]}
          onResponderTerminationRequest={[Function]}
          onStartShouldSetResponder={[Function]}
          style={
            Array [
              Object {
                "flex": 1,
              },
            ]
          }
        >
          <View
            style={
              Array [
                Object {
                  "alignItems": "center",
                  "borderColor": "red",
                  "borderWidth": 1,
                  "flex": 1,
                  "justifyContent": "center",
                },
                undefined,
              ]
            }
          >
            <Text
              style={
                Array [
                  Object {
                    "color": "#000",
                    "fontFamily": "System",
                    "fontSize": 40,
                    "fontWeight": "500",
                  },
                  Object {
                    "color": "black",
                  },
                ]
              }
            >
              3
            </Text>
          </View>
        </View>
      </View>
    </View>
    <View
      style={
        Object {
          "flex": 1,
        }
      }
    >
      <View
        accessible={true}
        focusable={true}
        onClick={[Function]}
        onResponderGrant={[Function]}
        onResponderMove={[Function]}
        onResponderRelease={[Function]}
        onResponderTerminate={[Function]}
        onResponderTerminationRequest={[Function]}
        onStartShouldSetResponder={[Function]}
        style={
          Array [
            Object {
              "flex": 1,
            },
          ]
        }
      >
        <View
          style={
            Array [
              Object {
                "alignItems": "center",
                "borderColor": "red",
                "borderWidth": 1,
                "flex": 1,
                "justifyContent": "center",
              },
              Array [
                Object {
                  "backgroundColor": "#f2274f",
                  "borderBottomColor": "white",
                  "borderTopColor": "white",
                  "borderWidth": 0,
                },
                Object {
                  "borderBottomWidth": 1,
                  "borderTopWidth": 0,
                },
              ],
            ]
          }
        >
          <Text
            style={
              Array [
                Object {
                  "color": "#000",
                  "fontFamily": "System",
                  "fontSize": 40,
                  "fontWeight": "500",
                },
                Object {
                  "color": "white",
                  "fontSize": 40,
                  "fontWeight": "bold",
                },
              ]
            }
          >
            ÷
          </Text>
        </View>
      </View>
      <View
        accessible={true}
        focusable={true}
        onClick={[Function]}
        onResponderGrant={[Function]}
        onResponderMove={[Function]}
        onResponderRelease={[Function]}
        onResponderTerminate={[Function]}
        onResponderTerminationRequest={[Function]}
        onStartShouldSetResponder={[Function]}
        style={
          Array [
            Object {
              "flex": 1,
            },
          ]
        }
      >
        <View
          style={
            Array [
              Object {
                "alignItems": "center",
                "borderColor": "red",
                "borderWidth": 1,
                "flex": 1,
                "justifyContent": "center",
              },
              Array [
                Object {
                  "backgroundColor": "#f2274f",
                  "borderBottomColor": "white",
                  "borderTopColor": "white",
                  "borderWidth": 0,
                },
                Object {
                  "borderBottomWidth": 1,
                  "borderTopWidth": 1,
                },
              ],
            ]
          }
        >
          <Text
            style={
              Array [
                Object {
                  "color": "#000",
                  "fontFamily": "System",
                  "fontSize": 40,
                  "fontWeight": "500",
                },
                Object {
                  "color": "white",
                  "fontSize": 40,
                  "fontWeight": "bold",
                },
              ]
            }
          >
            *
          </Text>
        </View>
      </View>
      <View
        accessible={true}
        focusable={true}
        onClick={[Function]}
        onResponderGrant={[Function]}
        onResponderMove={[Function]}
        onResponderRelease={[Function]}
        onResponderTerminate={[Function]}
        onResponderTerminationRequest={[Function]}
        onStartShouldSetResponder={[Function]}
        style={
          Array [
            Object {
              "flex": 1,
            },
          ]
        }
      >
        <View
          style={
            Array [
              Object {
                "alignItems": "center",
                "borderColor": "red",
                "borderWidth": 1,
                "flex": 1,
                "justifyContent": "center",
              },
              Array [
                Object {
                  "backgroundColor": "#f2274f",
                  "borderBottomColor": "white",
                  "borderTopColor": "white",
                  "borderWidth": 0,
                },
                Object {
                  "borderBottomWidth": 1,
                  "borderTopWidth": 1,
                },
              ],
            ]
          }
        >
          <Text
            style={
              Array [
                Object {
                  "color": "#000",
                  "fontFamily": "System",
                  "fontSize": 40,
                  "fontWeight": "500",
                },
                Object {
                  "color": "white",
                  "fontSize": 40,
                  "fontWeight": "bold",
                },
              ]
            }
          >
            -
          </Text>
        </View>
      </View>
      <View
        accessible={true}
        focusable={true}
        onClick={[Function]}
        onResponderGrant={[Function]}
        onResponderMove={[Function]}
        onResponderRelease={[Function]}
        onResponderTerminate={[Function]}
        onResponderTerminationRequest={[Function]}
        onStartShouldSetResponder={[Function]}
        style={
          Array [
            Object {
              "flex": 1,
            },
          ]
        }
      >
        <View
          style={
            Array [
              Object {
                "alignItems": "center",
                "borderColor": "red",
                "borderWidth": 1,
                "flex": 1,
                "justifyContent": "center",
              },
              Array [
                Object {
                  "backgroundColor": "#f2274f",
                  "borderBottomColor": "white",
                  "borderTopColor": "white",
                  "borderWidth": 0,
                },
                Object {
                  "borderBottomWidth": 1,
                  "borderTopWidth": 1,
                },
              ],
            ]
          }
        >
          <Text
            style={
              Array [
                Object {
                  "color": "#000",
                  "fontFamily": "System",
                  "fontSize": 40,
                  "fontWeight": "500",
                },
                Object {
                  "color": "white",
                  "fontSize": 40,
                  "fontWeight": "bold",
                },
              ]
            }
          >
            +
          </Text>
        </View>
      </View>
      <View
        accessible={true}
        focusable={true}
        onClick={[Function]}
        onResponderGrant={[Function]}
        onResponderMove={[Function]}
        onResponderRelease={[Function]}
        onResponderTerminate={[Function]}
        onResponderTerminationRequest={[Function]}
        onStartShouldSetResponder={[Function]}
        style={
          Array [
            Object {
              "flex": 1,
            },
          ]
        }
      >
        <View
          style={
            Array [
              Object {
                "alignItems": "center",
                "borderColor": "red",
                "borderWidth": 1,
                "flex": 1,
                "justifyContent": "center",
              },
              Array [
                Object {
                  "backgroundColor": "#f2274f",
                  "borderBottomColor": "white",
                  "borderTopColor": "white",
                  "borderWidth": 0,
                },
                Object {
                  "borderBottomWidth": 0,
                  "borderTopWidth": 1,
                },
              ],
            ]
          }
        >
          <Text
            style={
              Array [
                Object {
                  "color": "#000",
                  "fontFamily": "System",
                  "fontSize": 40,
                  "fontWeight": "500",
                },
                Object {
                  "color": "white",
                  "fontSize": 40,
                  "fontWeight": "bold",
                },
              ]
            }
          >
            =
          </Text>
        </View>
      </View>
    </View>
  </View>
</View>
`;
